// Jest Snapshot v1, https://goo.gl/fbAQLP

exports[`Loading should render properly 1`] = `
RenderContext {
  "0": VNode {
    "attributes": undefined,
    "children": Array [],
    "key": undefined,
    "nodeName": [Function],
  },
  "length": 1,
}
`;
