// Jest Snapshot v1, https://goo.gl/fbAQLP

exports[`Steps should render properly 1`] = `
RenderContext {
  "0": VNode {
    "attributes": undefined,
    "children": Array [],
    "key": undefined,
    "nodeName": undefined,
  },
  "length": 1,
}
`;
