// Jest Snapshot v1, https://goo.gl/fbAQLP

exports[`Stepper should render properly 1`] = `ReactWrapper {}`;
